---
source: components/markdown/tests/summary.rs
expression: rendered.body
---
<p>Things to do:</p>
<ul>
<li>Program <!-- more --> something</li>
<li>Eat</li>
<li>Sleep</li>
</ul>
